
> react-kavia@0.1.0 start
> react-scripts start

(node:554) [DEP_WEBPACK_DEV_SERVER_ON_AFTER_SETUP_MIDDLEWARE] DeprecationWarning: 'onAfterSetupMiddleware' option is deprecated. Please use the 'setupMiddlewares' option.
(Use `node --trace-deprecation ...` to show where the warning was created)
(node:554) [DEP_WEBPACK_DEV_SERVER_ON_BEFORE_SETUP_MIDDLEWARE] DeprecationWarning: 'onBeforeSetupMiddleware' option is deprecated. Please use the 'setupMiddlewares' option.
Starting the development server...

Compiled successfully!

You can now view react-kavia in the browser.

  Local:            http://localhost:3000
  On Your Network:  http://172.17.0.2:3000

Note that the development build is not optimized.
To create a production build, use npm run build.

webpack compiled successfully
Compiling...
Failed to compile.

Module not found: Error: Can't resolve 'react-router-dom' in '/home/kavia/workspace/code-generation/pastelvibe-23341-156c18b0/pastelvibe_web_app/src'
ERROR in ./src/App.js 6:0-74
Module not found: Error: Can't resolve 'react-router-dom' in '/home/kavia/workspace/code-generation/pastelvibe-23341-156c18b0/pastelvibe_web_app/src'

ERROR in ./src/App.js 7:0-41
Module not found: Error: Can't resolve './components/Layout' in '/home/kavia/workspace/code-generation/pastelvibe-23341-156c18b0/pastelvibe_web_app/src'

ERROR in ./src/App.js 8:0-37
Module not found: Error: Can't resolve './pages/Home/Home' in '/home/kavia/workspace/code-generation/pastelvibe-23341-156c18b0/pastelvibe_web_app/src'

ERROR in ./src/App.js 9:0-58
Module not found: Error: Can't resolve './pages/ColorPicker/ColorPicker' in '/home/kavia/workspace/code-generation/pastelvibe-23341-156c18b0/pastelvibe_web_app/src'

ERROR in ./src/App.js 10:0-43
Module not found: Error: Can't resolve './pages/Result/Result' in '/home/kavia/workspace/code-generation/pastelvibe-23341-156c18b0/pastelvibe_web_app/src'

ERROR in ./src/App.js 11:0-46
Module not found: Error: Can't resolve './pages/Gallery/Gallery' in '/home/kavia/workspace/code-generation/pastelvibe-23341-156c18b0/pastelvibe_web_app/src'

ERROR in ./src/App.js 12:0-40
Module not found: Error: Can't resolve './pages/About/About' in '/home/kavia/workspace/code-generation/pastelvibe-23341-156c18b0/pastelvibe_web_app/src'

webpack compiled with 7 errors
